MPLINK 5.09, LINKER
Linker Map File - Created Thu Oct 16 20:07:51 2025

                                 Section Info
                  Section       Type    Address   Location Size(Bytes)
                ---------  ---------  ---------  ---------  ---------
                   .org_0       code   0x000000    program   0x000002
                   .cinit    romdata   0x000001    program   0x000004
                   .org_1       code   0x000004    program   0x000002
                   .org_2       code   0x000005    program   0x000150
.config_2007_BUILD/DEFAULT/DEBUG/MAIN.O       code   0x002007    program   0x000002
.config_2008_BUILD/DEFAULT/DEBUG/MAIN.O       code   0x002008    program   0x000002



                              Program Memory Usage 
                               Start         End      
                           ---------   ---------      
                            0x000000    0x000002      
                            0x000004    0x0000ac      
                            0x002007    0x002008      
            174 out of 8455 program addresses used, program memory utilization is 2%



                              Symbols - Sorted by Name
                     Name    Address   Location    Storage File                     
                ---------  ---------  ---------  --------- ---------                
             CALC_DECENAS   0x000072    program     static /home/fefee/Git_Digital2/TP_6/TP_6_MPLab.X/main.asm
                CHECK_100   0x00006a    program     static /home/fefee/Git_Digital2/TP_6/TP_6_MPLab.X/main.asm
        CONVERTIR_DIGITOS   0x00005c    program     static /home/fefee/Git_Digital2/TP_6/TP_6_MPLab.X/main.asm
             DECENAS_LOOP   0x000073    program     static /home/fefee/Git_Digital2/TP_6/TP_6_MPLab.X/main.asm
       ESPERAR_CONVERSION   0x000055    program     static /home/fefee/Git_Digital2/TP_6/TP_6_MPLab.X/main.asm
              FIN_MOSTRAR   0x00009c    program     static /home/fefee/Git_Digital2/TP_6/TP_6_MPLab.X/main.asm
         GUARDAR_UNIDADES   0x00007b    program     static /home/fefee/Git_Digital2/TP_6/TP_6_MPLab.X/main.asm
                   INICIO   0x000005    program     static /home/fefee/Git_Digital2/TP_6/TP_6_MPLab.X/main.asm
                      ISR   0x000041    program     static /home/fefee/Git_Digital2/TP_6/TP_6_MPLab.X/main.asm
                 LEER_ADC   0x000050    program     static /home/fefee/Git_Digital2/TP_6/TP_6_MPLab.X/main.asm
           LOOP_PRINCIPAL   0x0000a9    program     static /home/fefee/Git_Digital2/TP_6/TP_6_MPLab.X/main.asm
         MOSTRAR_CENTENAS   0x000097    program     static /home/fefee/Git_Digital2/TP_6/TP_6_MPLab.X/main.asm
          MOSTRAR_DECENAS   0x000099    program     static /home/fefee/Git_Digital2/TP_6/TP_6_MPLab.X/main.asm
           MOSTRAR_DIGITO   0x00008b    program     static /home/fefee/Git_Digital2/TP_6/TP_6_MPLab.X/main.asm
         MOSTRAR_UNIDADES   0x00009b    program     static /home/fefee/Git_Digital2/TP_6/TP_6_MPLab.X/main.asm
              MULTIPLEXAR   0x00007e    program     static /home/fefee/Git_Digital2/TP_6/TP_6_MPLab.X/main.asm
            RETARDO_100US   0x00009f    program     static /home/fefee/Git_Digital2/TP_6/TP_6_MPLab.X/main.asm
              RETARDO_1MS   0x0000a4    program     static /home/fefee/Git_Digital2/TP_6/TP_6_MPLab.X/main.asm
             RET_100_LOOP   0x0000a1    program     static /home/fefee/Git_Digital2/TP_6/TP_6_MPLab.X/main.asm
             RET_1MS_LOOP   0x0000a6    program     static /home/fefee/Git_Digital2/TP_6/TP_6_MPLab.X/main.asm
                  TABLA_D   0x000030    program     static /home/fefee/Git_Digital2/TP_6/TP_6_MPLab.X/main.asm
                TABLA_MUX   0x00003c    program     static /home/fefee/Git_Digital2/TP_6/TP_6_MPLab.X/main.asm
                TIMER_ISR   0x00004b    program     static /home/fefee/Git_Digital2/TP_6/TP_6_MPLab.X/main.asm
             _.org_2_0053   0x000053    program     static /home/fefee/Git_Digital2/TP_6/TP_6_MPLab.X/main.asm



                              Symbols - Sorted by Address
                     Name    Address   Location    Storage File                     
                ---------  ---------  ---------  --------- ---------                
                   INICIO   0x000005    program     static /home/fefee/Git_Digital2/TP_6/TP_6_MPLab.X/main.asm
                  TABLA_D   0x000030    program     static /home/fefee/Git_Digital2/TP_6/TP_6_MPLab.X/main.asm
                TABLA_MUX   0x00003c    program     static /home/fefee/Git_Digital2/TP_6/TP_6_MPLab.X/main.asm
                      ISR   0x000041    program     static /home/fefee/Git_Digital2/TP_6/TP_6_MPLab.X/main.asm
                TIMER_ISR   0x00004b    program     static /home/fefee/Git_Digital2/TP_6/TP_6_MPLab.X/main.asm
                 LEER_ADC   0x000050    program     static /home/fefee/Git_Digital2/TP_6/TP_6_MPLab.X/main.asm
             _.org_2_0053   0x000053    program     static /home/fefee/Git_Digital2/TP_6/TP_6_MPLab.X/main.asm
       ESPERAR_CONVERSION   0x000055    program     static /home/fefee/Git_Digital2/TP_6/TP_6_MPLab.X/main.asm
        CONVERTIR_DIGITOS   0x00005c    program     static /home/fefee/Git_Digital2/TP_6/TP_6_MPLab.X/main.asm
                CHECK_100   0x00006a    program     static /home/fefee/Git_Digital2/TP_6/TP_6_MPLab.X/main.asm
             CALC_DECENAS   0x000072    program     static /home/fefee/Git_Digital2/TP_6/TP_6_MPLab.X/main.asm
             DECENAS_LOOP   0x000073    program     static /home/fefee/Git_Digital2/TP_6/TP_6_MPLab.X/main.asm
         GUARDAR_UNIDADES   0x00007b    program     static /home/fefee/Git_Digital2/TP_6/TP_6_MPLab.X/main.asm
              MULTIPLEXAR   0x00007e    program     static /home/fefee/Git_Digital2/TP_6/TP_6_MPLab.X/main.asm
           MOSTRAR_DIGITO   0x00008b    program     static /home/fefee/Git_Digital2/TP_6/TP_6_MPLab.X/main.asm
         MOSTRAR_CENTENAS   0x000097    program     static /home/fefee/Git_Digital2/TP_6/TP_6_MPLab.X/main.asm
          MOSTRAR_DECENAS   0x000099    program     static /home/fefee/Git_Digital2/TP_6/TP_6_MPLab.X/main.asm
         MOSTRAR_UNIDADES   0x00009b    program     static /home/fefee/Git_Digital2/TP_6/TP_6_MPLab.X/main.asm
              FIN_MOSTRAR   0x00009c    program     static /home/fefee/Git_Digital2/TP_6/TP_6_MPLab.X/main.asm
            RETARDO_100US   0x00009f    program     static /home/fefee/Git_Digital2/TP_6/TP_6_MPLab.X/main.asm
             RET_100_LOOP   0x0000a1    program     static /home/fefee/Git_Digital2/TP_6/TP_6_MPLab.X/main.asm
              RETARDO_1MS   0x0000a4    program     static /home/fefee/Git_Digital2/TP_6/TP_6_MPLab.X/main.asm
             RET_1MS_LOOP   0x0000a6    program     static /home/fefee/Git_Digital2/TP_6/TP_6_MPLab.X/main.asm
           LOOP_PRINCIPAL   0x0000a9    program     static /home/fefee/Git_Digital2/TP_6/TP_6_MPLab.X/main.asm


